12:02:58 **** Incremental Build of configuration Debug for project LAB1_Exercise ****
make -j8 all 
arm-none-eabi-gcc -o "LAB1_Exercise.elf" @"objects.list"   -mcpu=cortex-m3 -T"C:\Users\ASUS\Documents\HocDH\HK5\Microprocessors\Lab\GIT_LAB1\LAB1_Exercise\STM32F103C6UX_FLASH.ld" --specs=nosys.specs -Wl,-Map="LAB1_Exercise.map" -Wl,--gc-sections -static --specs=nano.specs -mfloat-abi=soft -mthumb -Wl,--start-group -lc -lm -Wl,--end-group
Finished building target: LAB1_Exercise.elf
 
arm-none-eabi-size   LAB1_Exercise.elf 
arm-none-eabi-objdump -h -S  LAB1_Exercise.elf  > "LAB1_Exercise.list"
arm-none-eabi-objcopy  -O ihex  LAB1_Exercise.elf  "LAB1_Exercise.hex"
   text	   data	    bss	    dec	    hex	filename
   4596	     20	   1572	   6188	   182c	LAB1_Exercise.elf
arm-none-eabi-objcopy  -O binary  LAB1_Exercise.elf  "LAB1_Exercise.bin"
Finished building: default.size.stdout
 
Finished building: LAB1_Exercise.hex
Finished building: LAB1_Exercise.bin
 
Finished building: LAB1_Exercise.list
 
 

12:02:59 Build Finished. 0 errors, 0 warnings. (took 503ms)

